 minispy

 Timestamp is 55a72eca (Thu Jul 16 00:10:50 2015)

 Preferred load address is 0000000140000000

 Start         Length     Name                   Class
 0001:00000000 000004daH .text                   CODE
 0001:000004e0 00000c86H .text$mn                CODE
 0001:00001170 000000c8H .text$s                 CODE
 0001:00001238 00000018H .text$x                 CODE
 0002:00000000 00000008H .00cfg                  DATA
 0002:00000008 00000160H .idata$5                DATA
 0002:00000170 00000114H .rdata                  DATA
 0002:00000284 000000acH .rdata$debug            DATA
 0002:00000330 0000022cH .xdata                  DATA
 0003:00000000 00000020H .data                   DATA
 0003:00000040 00000540H .bss                    DATA
 0004:00000000 00000168H .pdata                  DATA
 0005:00000000 000005d6H PAGE                    CODE
 0005:000005e0 00000288H PAGE$s                  CODE
 0005:00000868 00000030H PAGE$x                  CODE
 0006:00000000 0000039dH INIT                    CODE
 0006:000003a0 000005e0H INIT                    CODE
 0006:00000980 000000c0H INIT$s                  CODE
 0006:00000a40 00000048H INIT$x                  CODE
 0006:00000a88 00000028H .idata$2                CODE
 0006:00000ab0 00000014H .idata$3                CODE
 0006:00000ac8 00000160H .idata$4                CODE
 0006:00000c28 0000041cH .idata$6                CODE
 0007:00000000 000000b0H .rsrc$01                DATA
 0007:000000b0 000003a0H .rsrc$02                DATA

  Address         Publics by Value              Rva+Base               Lib:Object

 0000:00000000       ___safe_se_handler_count   0000000000000000     <absolute>
 0000:00000000       __guard_fids_table         0000000000000000     <absolute>
 0000:00000000       ___safe_se_handler_table   0000000000000000     <absolute>
 0000:00000000       __guard_fids_count         0000000000000000     <absolute>
 0000:00000000       __guard_flags              0000000000000000     <absolute>
 0001:00000000       __GSHandlerCheckCommon     0000000140001000 f   ntoskrnl:gshandler.obj
 0001:00000064       __GSHandlerCheck           0000000140001064 f   ntoskrnl:gshandler.obj
 0001:000000a0       memcpy                     00000001400010a0 f   ntoskrnl:memcpy.obj
 0001:000000a0       memmove                    00000001400010a0     ntoskrnl:memcpy.obj
 0001:000003f0       memset                     00000001400013f0 f   ntoskrnl:memset.obj
 0001:000004e0       SpyDeleteTxfContext        00000001400014e0 f   minispy.obj
 0001:000004e0       _guard_check_icall_nop     00000001400014e0 f   BufferOverflowK:guard_support.obj
 0001:000004e4       SpyEnlistInTransaction     00000001400014e4 f   minispy.obj
 0001:00000668       SpyExceptionFilter         0000000140001668 f   minispy.obj
 0001:00000694       SpyKtmNotificationCallback 0000000140001694 f   minispy.obj
 0001:000006e0       SpyPostOperationCallback   00000001400016e0 f   minispy.obj
 0001:00000818       SpyPreOperationCallback    0000000140001818 f   minispy.obj
 0001:00000a08       SpyAllocateBuffer          0000000140001a08 f   mspyLib.obj
 0001:00000a8c       SpyEmptyOutputBufferList   0000000140001a8c f   mspyLib.obj
 0001:00000b28       SpyFreeBuffer              0000000140001b28 f   mspyLib.obj
 0001:00000b80       SpyFreeRecord              0000000140001b80 f   mspyLib.obj
 0001:00000b94       SpyGetLog                  0000000140001b94 f   mspyLib.obj
 0001:00000d64       SpyLog                     0000000140001d64 f   mspyLib.obj
 0001:00000dbc       SpyLogPostOperationData    0000000140001dbc f   mspyLib.obj
 0001:00000ddc       SpyLogPreOperationData     0000000140001ddc f   mspyLib.obj
 0001:00000ee8       SpyLogTransactionNotify    0000000140001ee8 f   mspyLib.obj
 0001:00000f90       SpyNewRecord               0000000140001f90 f   mspyLib.obj
 0001:00001008       SpySetRecordNameAndEcpData 0000000140002008 f   mspyLib.obj
 0001:000010a0       __security_check_cookie    00000001400020a0 f   BufferOverflowK:amdsecgs.obj
 0001:000010c0       __report_gsfailure         00000001400020c0 f   BufferOverflowK:gs_report.obj
 0001:000010e8       _snwprintf                 00000001400020e8 f   ntoskrnl:ntoskrnl.exe
 0001:000010ee       __C_specific_handler       00000001400020ee f   ntoskrnl:ntoskrnl.exe
 0001:000010f4       FltRegisterFilter          00000001400020f4 f   fltMgr:FLTMGR.SYS
 0001:000010fa       FltUnregisterFilter        00000001400020fa f   fltMgr:FLTMGR.SYS
 0001:00001100       FltStartFiltering          0000000140002100 f   fltMgr:FLTMGR.SYS
 0001:00001106       FltGetRoutineAddress       0000000140002106 f   fltMgr:FLTMGR.SYS
 0001:0000110c       FltGetFileNameInformation  000000014000210c f   fltMgr:FLTMGR.SYS
 0001:00001112       FltReleaseFileNameInformation 0000000140002112 f   fltMgr:FLTMGR.SYS
 0001:00001118       FltParseFileNameInformation 0000000140002118 f   fltMgr:FLTMGR.SYS
 0001:0000111e       FltAllocateContext         000000014000211e f   fltMgr:FLTMGR.SYS
 0001:00001124       FltDeleteContext           0000000140002124 f   fltMgr:FLTMGR.SYS
 0001:0000112a       FltReleaseContext          000000014000212a f   fltMgr:FLTMGR.SYS
 0001:00001130       FltCreateCommunicationPort 0000000140002130 f   fltMgr:FLTMGR.SYS
 0001:00001136       FltCloseCommunicationPort  0000000140002136 f   fltMgr:FLTMGR.SYS
 0001:0000113c       FltCloseClientPort         000000014000213c f   fltMgr:FLTMGR.SYS
 0001:00001142       FltBuildDefaultSecurityDescriptor 0000000140002142 f   fltMgr:FLTMGR.SYS
 0001:00001148       FltFreeSecurityDescriptor  0000000140002148 f   fltMgr:FLTMGR.SYS
 0001:0000114e       FltGetDeviceObject         000000014000214e f   fltMgr:FLTMGR.SYS
 0001:00001154       FltGetEcpListFromCallbackData 0000000140002154 f   fltMgr:FLTMGR.SYS
 0001:0000115a       FltGetNextExtraCreateParameter 000000014000215a f   fltMgr:FLTMGR.SYS
 0001:00001160       FltIsEcpFromUserMode       0000000140002160 f   fltMgr:FLTMGR.SYS
 0001:00001170       ??_C@_1BG@DLLGGIDJ@?$AA?$DM?$AA?$CF?$AA0?$AA8?$AAx?$AA?$DO?$AA?5?$AA?$CF?$AAw?$AAZ?$AA?$AA@FNODOBFM@ 0000000140002170     minispy.obj
 0001:00001190       ??_C@_1GE@GOOEDKNI@?$AA?$DM?$AAN?$AAO?$AA?5?$AAN?$AAA?$AAM?$AAE?$AA?3?$AA?5?$AAN?$AAo?$AAr?$AAm?$AAa?$AAl?$AAi?$AAz?$AAe?$AAS?$AAt?$AAa?$AAt?$AAu?$AAs?$AA?$DN?$AA?$CF?$AA0?$AA8?$AAx?$AA?5?$AAO@FNODOBFM@ 0000000140002190     minispy.obj
 0001:00001200       ??_C@_1BE@ECKFOCEH@?$AA?$DM?$AAN?$AAO?$AA?5?$AAN?$AAA?$AAM?$AAE?$AA?$DO?$AA?$AA@FNODOBFM@ 0000000140002200     minispy.obj
 0001:00001220       ??_C@_1BA@GLJAAEHE@?$AA?$CF?$AAw?$AAZ?$AA?5?$AA?$CF?$AAw?$AAZ?$AA?$AA@FNODOBFM@ 0000000140002220     mspyLib.obj
 0001:00001230       ??_C@_17JJNMJOBL@?$AA?$CF?$AAw?$AAZ?$AA?$AA@FNODOBFM@ 0000000140002230     mspyLib.obj
 0002:00000000       __guard_check_icall_fptr   0000000140003000     BufferOverflowK:guard_support.obj
 0002:00000008       __imp_FltGetNextExtraCreateParameter 0000000140003008     fltMgr:FLTMGR.SYS
 0002:00000010       __imp_FltGetEcpListFromCallbackData 0000000140003010     fltMgr:FLTMGR.SYS
 0002:00000018       __imp_FltGetDeviceObject   0000000140003018     fltMgr:FLTMGR.SYS
 0002:00000020       __imp_FltFreeSecurityDescriptor 0000000140003020     fltMgr:FLTMGR.SYS
 0002:00000028       __imp_FltBuildDefaultSecurityDescriptor 0000000140003028     fltMgr:FLTMGR.SYS
 0002:00000030       __imp_FltCloseClientPort   0000000140003030     fltMgr:FLTMGR.SYS
 0002:00000038       __imp_FltCloseCommunicationPort 0000000140003038     fltMgr:FLTMGR.SYS
 0002:00000040       __imp_FltCreateCommunicationPort 0000000140003040     fltMgr:FLTMGR.SYS
 0002:00000048       __imp_FltReleaseContext    0000000140003048     fltMgr:FLTMGR.SYS
 0002:00000050       __imp_FltDeleteContext     0000000140003050     fltMgr:FLTMGR.SYS
 0002:00000058       __imp_FltAllocateContext   0000000140003058     fltMgr:FLTMGR.SYS
 0002:00000060       __imp_FltParseFileNameInformation 0000000140003060     fltMgr:FLTMGR.SYS
 0002:00000068       __imp_FltReleaseFileNameInformation 0000000140003068     fltMgr:FLTMGR.SYS
 0002:00000070       __imp_FltGetFileNameInformation 0000000140003070     fltMgr:FLTMGR.SYS
 0002:00000078       __imp_FltGetRoutineAddress 0000000140003078     fltMgr:FLTMGR.SYS
 0002:00000080       __imp_FltStartFiltering    0000000140003080     fltMgr:FLTMGR.SYS
 0002:00000088       __imp_FltUnregisterFilter  0000000140003088     fltMgr:FLTMGR.SYS
 0002:00000090       __imp_FltRegisterFilter    0000000140003090     fltMgr:FLTMGR.SYS
 0002:00000098       __imp_FltIsEcpFromUserMode 0000000140003098     fltMgr:FLTMGR.SYS
 0002:000000a0       \177FLTMGR_NULL_THUNK_DATA 00000001400030a0     fltMgr:FLTMGR.SYS
 0002:000000a8       __imp_RtlIpv4AddressToStringExA 00000001400030a8     ntoskrnl:ntoskrnl.exe
 0002:000000b0       __imp_PsGetCurrentThreadId 00000001400030b0     ntoskrnl:ntoskrnl.exe
 0002:000000b8       __imp_KeBugCheckEx         00000001400030b8     ntoskrnl:ntoskrnl.exe
 0002:000000c0       __imp_PsGetCurrentProcessId 00000001400030c0     ntoskrnl:ntoskrnl.exe
 0002:000000c8       __imp_ZwQueryValueKey      00000001400030c8     ntoskrnl:ntoskrnl.exe
 0002:000000d0       __imp_ZwOpenKey            00000001400030d0     ntoskrnl:ntoskrnl.exe
 0002:000000d8       __imp_ZwClose              00000001400030d8     ntoskrnl:ntoskrnl.exe
 0002:000000e0       __imp_ObfDereferenceObject 00000001400030e0     ntoskrnl:ntoskrnl.exe
 0002:000000e8       __imp_ExpInterlockedPushEntrySList 00000001400030e8     ntoskrnl:ntoskrnl.exe
 0002:000000f0       __imp_ExpInterlockedPopEntrySList 00000001400030f0     ntoskrnl:ntoskrnl.exe
 0002:000000f8       __imp_ExQueryDepthSList    00000001400030f8     ntoskrnl:ntoskrnl.exe
 0002:00000100       __imp_KeReleaseSpinLock    0000000140003100     ntoskrnl:ntoskrnl.exe
 0002:00000108       __imp_KeAcquireSpinLockRaiseToDpc 0000000140003108     ntoskrnl:ntoskrnl.exe
 0002:00000110       __imp_RtlStringFromGUID    0000000140003110     ntoskrnl:ntoskrnl.exe
 0002:00000118       __imp_RtlFreeUnicodeString 0000000140003118     ntoskrnl:ntoskrnl.exe
 0002:00000120       __imp___C_specific_handler 0000000140003120     ntoskrnl:ntoskrnl.exe
 0002:00000128       __imp__snwprintf           0000000140003128     ntoskrnl:ntoskrnl.exe
 0002:00000130       __imp_FsRtlIsNtstatusExpected 0000000140003130     ntoskrnl:ntoskrnl.exe
 0002:00000138       __imp_IoIs32bitProcess     0000000140003138     ntoskrnl:ntoskrnl.exe
 0002:00000140       __imp_ExDeleteNPagedLookasideList 0000000140003140     ntoskrnl:ntoskrnl.exe
 0002:00000148       __imp_ExInitializeNPagedLookasideList 0000000140003148     ntoskrnl:ntoskrnl.exe
 0002:00000150       __imp_RtlIpv6AddressToStringExA 0000000140003150     ntoskrnl:ntoskrnl.exe
 0002:00000158       __imp_RtlInitUnicodeString 0000000140003158     ntoskrnl:ntoskrnl.exe
 0002:00000160       \177ntoskrnl_NULL_THUNK_DATA 0000000140003160     ntoskrnl:ntoskrnl.exe
 0002:000001a8       GUID_ECP_OPLOCK_KEY        00000001400031a8     mspyLib.obj
 0002:000001b8       GUID_ECP_PREFETCH_OPEN     00000001400031b8     mspyLib.obj
 0002:000001c8       GUID_ECP_NFS_OPEN          00000001400031c8     mspyLib.obj
 0002:000001d8       GUID_ECP_SRV_OPEN          00000001400031d8     mspyLib.obj
 0002:000001f0       _load_config_used          00000001400031f0     BufferOverflowK:loadcfg.obj
 0003:00000008       __security_cookie          0000000140004008     BufferOverflowK:gs_support.obj
 0003:00000010       __security_cookie_complement 0000000140004010     BufferOverflowK:gs_support.obj
 0003:00000040       StatusToBreakOn            0000000140004040     minispy.obj
 0003:00000080       MiniSpyData                0000000140004080     minispy.obj
 0005:00000000       SpyConnect                 0000000140006000 f   minispy.obj
 0005:0000000c       SpyDisconnect              000000014000600c f   minispy.obj
 0005:00000020       SpyFilterUnload            0000000140006020 f   minispy.obj
 0005:00000058       SpyMessage                 0000000140006058 f   minispy.obj
 0005:000000fc       SpyQueryTeardown           00000001400060fc f   minispy.obj
 0005:00000100       SpyBuildEcpDataString      0000000140006100 f   mspyLib.obj
 0005:00000450       SpyParseEcps               0000000140006450 f   mspyLib.obj
 0005:000005e0       ??_C@_1BE@BEIFHMBJ@?$AA?$FL?$AA?$CF?$AAd?$AA?5?$AAE?$AAC?$AAP?$AAs?$AA?3?$AA?$AA@NNGAKEGL@ 00000001400065e0     mspyLib.obj
 0005:00000600       ??_C@_1CI@EAGFGNMG@?$AA?$CF?$AAs?$AA?5?$AAO?$AAP?$AAL?$AAO?$AAC?$AAK?$AA?5?$AAK?$AAE?$AAY?$AA?3?$AA?5?$AA?$CF?$AAw?$AAZ?$AA?$DL?$AA?$AA@NNGAKEGL@ 0000000140006600     mspyLib.obj
 0005:00000630       ??_C@_1CO@IBCLHBAL@?$AA?$CF?$AAs?$AA?5?$AAI?$AAN?$AAV?$AAA?$AAL?$AAI?$AAD?$AA?5?$AAO?$AAP?$AAL?$AAO?$AAC?$AAK?$AA?5?$AAK?$AAE?$AAY?$AA?$DL?$AA?$AA@NNGAKEGL@ 0000000140006630     mspyLib.obj
 0005:00000660       ??_C@_1DA@EMBHPAKK@?$AA?$CF?$AAs?$AA?5?$AAN?$AAF?$AAS?$AA?5?$AAS?$AAH?$AAA?$AAR?$AAE?$AA?5?$AAN?$AAA?$AAM?$AAE?$AA?3?$AA?5?$AA?$CF?$AAw?$AAZ?$AA?0?$AA?$AA@NNGAKEGL@ 0000000140006660     mspyLib.obj
 0005:00000690       ??_C@_1DA@MICJNEMM@?$AA?$CF?$AAs?$AA?5?$AAN?$AAF?$AAS?$AA?5?$AAS?$AAO?$AAC?$AAK?$AAE?$AAT?$AA?5?$AAA?$AAD?$AAD?$AAR?$AA?3?$AA?5?$AA?$CF?$AAS?$AA?$DL?$AA?$AA@NNGAKEGL@ 0000000140006690     mspyLib.obj
 0005:000006c0       ??_C@_1DI@CIFPBNLA@?$AA?$CF?$AAs?$AA?5?$AAN?$AAF?$AAS?$AA?5?$AAI?$AAN?$AAV?$AAA?$AAL?$AAI?$AAD?$AA?5?$AAS?$AAO?$AAC?$AAK?$AAE?$AAT?$AA?5?$AAA?$AAD?$AAD?$AAR?$AA?$DL?$AA?$AA@NNGAKEGL@ 00000001400066c0     mspyLib.obj
 0005:00000700       ??_C@_1DA@OMKIHAGO@?$AA?$CF?$AAs?$AA?5?$AAS?$AAR?$AAV?$AA?5?$AAS?$AAH?$AAA?$AAR?$AAE?$AA?5?$AAN?$AAA?$AAM?$AAE?$AA?3?$AA?5?$AA?$CF?$AAw?$AAZ?$AA?0?$AA?$AA@NNGAKEGL@ 0000000140006700     mspyLib.obj
 0005:00000730       ??_C@_1DA@GIJGFEAI@?$AA?$CF?$AAs?$AA?5?$AAS?$AAR?$AAV?$AA?5?$AAS?$AAO?$AAC?$AAK?$AAE?$AAT?$AA?5?$AAA?$AAD?$AAD?$AAR?$AA?3?$AA?5?$AA?$CF?$AAS?$AA?$DL?$AA?$AA@NNGAKEGL@ 0000000140006730     mspyLib.obj
 0005:00000760       ??_C@_1DI@MFBOIALJ@?$AA?$CF?$AAs?$AA?5?$AAS?$AAR?$AAV?$AA?5?$AAI?$AAN?$AAV?$AAA?$AAL?$AAI?$AAD?$AA?5?$AAS?$AAO?$AAC?$AAK?$AAE?$AAT?$AA?5?$AAA?$AAD?$AAD?$AAR?$AA?$DL?$AA?$AA@NNGAKEGL@ 0000000140006760     mspyLib.obj
 0005:000007a0       ??_C@_13GAMECHAC@?$AAF?$AA?$AA@NNGAKEGL@ 00000001400067a0     mspyLib.obj
 0005:000007b0       ??_C@_13IMODFHAA@?$AA?9?$AA?$AA@NNGAKEGL@ 00000001400067b0     mspyLib.obj
 0005:000007c0       ??_C@_13PNBDBPLL@?$AAA?$AA?$AA@NNGAKEGL@ 00000001400067c0     mspyLib.obj
 0005:000007d0       ??_C@_13OPKGLAFF@?$AAB?$AA?$AA@NNGAKEGL@ 00000001400067d0     mspyLib.obj
 0005:000007e0       ??_C@_1CM@OOEAPBPF@?$AA?$CF?$AAs?$AA?5?$AAS?$AAR?$AAV?$AA?5?$AAF?$AAL?$AAA?$AAG?$AAS?$AA?3?$AA?5?$AA?$CF?$AAs?$AA?$CF?$AAs?$AA?$CF?$AAs?$AA?$DL?$AA?$AA@NNGAKEGL@ 00000001400067e0     mspyLib.obj
 0005:00000810       ??_C@_1BK@LHDLIODC@?$AA?$CF?$AAs?$AA?5?$AAP?$AAR?$AAE?$AAF?$AAE?$AAT?$AAC?$AAH?$AA?$DL?$AA?$AA@NNGAKEGL@ 0000000140006810     mspyLib.obj
 0005:00000830       ??_C@_1CI@LNFBFLOO@?$AA?$CF?$AAs?$AA?5?$AA?$CF?$AAd?$AA?5?$AAu?$AAn?$AAk?$AAn?$AAo?$AAw?$AAn?$AA?5?$AAE?$AAC?$AAP?$AAs?$AA?$FN?$AA?$AA@NNGAKEGL@ 0000000140006830     mspyLib.obj
 0005:00000860       ??_C@_17JPJKOELE@?$AA?$CF?$AAs?$AA?$FN?$AA?$AA@NNGAKEGL@ 0000000140006860     mspyLib.obj
 0006:00000000       DriverEntry                0000000140007000 f   minispy.obj
 0006:0000020c       SpyReadDriverParameters    000000014000720c f   mspyLib.obj
 0006:00000310       GsDriverEntry              0000000140007310 f   BufferOverflowK:gs_support.obj
 0006:0000033c       __security_init_cookie     000000014000733c f   BufferOverflowK:gs_support.obj
 0006:000003a0       FilterRegistration         00000001400073a0     RegistrationData.obj
 0006:00000410       Contexts                   0000000140007410     RegistrationData.obj
 0006:00000480       Callbacks                  0000000140007480     RegistrationData.obj
 0006:00000980       ??_C@_0BJ@PEGHOHFM@FltSetTransactionContext?$AA@PBOPGDP@ 0000000140007980     minispy.obj
 0006:000009a0       ??_C@_0BJ@BDBDOBN@FltGetTransactionContext?$AA@PBOPGDP@ 00000001400079a0     minispy.obj
 0006:000009c0       ??_C@_0BH@NBIOBFIH@FltEnlistInTransaction?$AA@PBOPGDP@ 00000001400079c0     minispy.obj
 0006:000009e0       ??_C@_1BK@DICPLIGM@?$AA?2?$AAM?$AAi?$AAn?$AAi?$AAS?$AAp?$AAy?$AAP?$AAo?$AAr?$AAt?$AA?$AA@PBOPGDP@ 00000001400079e0     minispy.obj
 0006:00000a00       ??_C@_1BG@MHDFHEJC@?$AAM?$AAa?$AAx?$AAR?$AAe?$AAc?$AAo?$AAr?$AAd?$AAs?$AA?$AA@PBOPGDP@ 0000000140007a00     mspyLib.obj
 0006:00000a20       ??_C@_1CA@GONDOMMD@?$AAN?$AAa?$AAm?$AAe?$AAQ?$AAu?$AAe?$AAr?$AAy?$AAM?$AAe?$AAt?$AAh?$AAo?$AAd?$AA?$AA@PBOPGDP@ 0000000140007a20     mspyLib.obj
 0006:00000a88       __IMPORT_DESCRIPTOR_ntoskrnl 0000000140007a88     ntoskrnl:ntoskrnl.exe
 0006:00000a9c       __IMPORT_DESCRIPTOR_FLTMGR 0000000140007a9c     fltMgr:FLTMGR.SYS
 0006:00000ab0       __NULL_IMPORT_DESCRIPTOR   0000000140007ab0     ntoskrnl:ntoskrnl.exe

 entry point at        0006:00000310

 Static symbols

 0000:ffff5000       .debug$S                   0000000140000000     fltMgr:FLTMGR.SYS
 0000:ffff5000       .debug$S                   0000000140000000     fltMgr:FLTMGR.SYS
 0000:ffff5000       .debug$S                   0000000140000000     fltMgr:FLTMGR.SYS
 0000:ffff5000       .debug$S                   0000000140000000     fltMgr:FLTMGR.SYS
 0000:ffff5000       .debug$S                   0000000140000000     fltMgr:FLTMGR.SYS
 0000:ffff5000       .debug$S                   0000000140000000     fltMgr:FLTMGR.SYS
 0000:ffff5000       .debug$S                   0000000140000000     fltMgr:FLTMGR.SYS
 0000:ffff5000       .debug$S                   0000000140000000     fltMgr:FLTMGR.SYS
 0000:ffff5000       .debug$S                   0000000140000000     fltMgr:FLTMGR.SYS
 0000:ffff5000       .debug$S                   0000000140000000     fltMgr:FLTMGR.SYS
 0000:ffff5000       .debug$S                   0000000140000000     fltMgr:FLTMGR.SYS
 0000:ffff5000       .debug$S                   0000000140000000     fltMgr:FLTMGR.SYS
 0000:ffff5000       .debug$S                   0000000140000000     fltMgr:FLTMGR.SYS
 0000:ffff5000       .debug$S                   0000000140000000     fltMgr:FLTMGR.SYS
 0000:ffff5000       .debug$S                   0000000140000000     fltMgr:FLTMGR.SYS
 0000:ffff5000       .debug$S                   0000000140000000     fltMgr:FLTMGR.SYS
 0000:ffff5000       .debug$S                   0000000140000000     fltMgr:FLTMGR.SYS
 0000:ffff5000       .debug$S                   0000000140000000     fltMgr:FLTMGR.SYS
 0000:ffff5000       .debug$S                   0000000140000000     fltMgr:FLTMGR.SYS
 0000:ffff5000       .debug$S                   0000000140000000     ntoskrnl:ntoskrnl.exe
 0000:ffff5000       .debug$S                   0000000140000000     ntoskrnl:ntoskrnl.exe
 0000:ffff5000       .debug$S                   0000000140000000     ntoskrnl:ntoskrnl.exe
 0000:ffff5000       .debug$S                   0000000140000000     ntoskrnl:ntoskrnl.exe
 0000:ffff5000       .debug$S                   0000000140000000     ntoskrnl:ntoskrnl.exe
 0000:ffff5000       .debug$S                   0000000140000000     ntoskrnl:ntoskrnl.exe
 0000:ffff5000       .debug$S                   0000000140000000     ntoskrnl:ntoskrnl.exe
 0000:ffff5000       .debug$S                   0000000140000000     ntoskrnl:ntoskrnl.exe
 0000:ffff5000       .debug$S                   0000000140000000     ntoskrnl:ntoskrnl.exe
 0000:ffff5000       .debug$S                   0000000140000000     ntoskrnl:ntoskrnl.exe
 0000:ffff5000       .debug$S                   0000000140000000     ntoskrnl:ntoskrnl.exe
 0000:ffff5000       .debug$S                   0000000140000000     ntoskrnl:ntoskrnl.exe
 0000:ffff5000       .debug$S                   0000000140000000     ntoskrnl:ntoskrnl.exe
 0000:ffff5000       .debug$S                   0000000140000000     ntoskrnl:ntoskrnl.exe
 0000:ffff5000       .debug$S                   0000000140000000     ntoskrnl:ntoskrnl.exe
 0000:ffff5000       .debug$S                   0000000140000000     ntoskrnl:ntoskrnl.exe
 0000:ffff5000       .debug$S                   0000000140000000     ntoskrnl:ntoskrnl.exe
 0000:ffff5000       .debug$S                   0000000140000000     ntoskrnl:ntoskrnl.exe
 0000:ffff5000       .debug$S                   0000000140000000     ntoskrnl:ntoskrnl.exe
 0000:ffff5000       .debug$S                   0000000140000000     ntoskrnl:ntoskrnl.exe
 0000:ffff5000       .debug$S                   0000000140000000     ntoskrnl:ntoskrnl.exe
 0000:ffff5000       .debug$S                   0000000140000000     ntoskrnl:ntoskrnl.exe
 0000:ffff5000       .debug$S                   0000000140000000     ntoskrnl:ntoskrnl.exe
 0001:00000090       $$000000                   0000000140001090     ntoskrnl:memcpy.obj
 0001:000003e0       $$000000                   00000001400013e0     ntoskrnl:memset.obj
 0001:00001090       $$000000                   0000000140002090     BufferOverflowK:amdsecgs.obj
 0001:00001238       SpyGetLog$filt$0           0000000140002238 f   mspyLib.obj
 0002:00000330       $unwind$SpyPreOperationCallback 0000000140003330     minispy.obj
 0002:00000358       $unwind$SpyPostOperationCallback 0000000140003358     minispy.obj
 0002:00000374       $unwind$SpyKtmNotificationCallback 0000000140003374     minispy.obj
 0002:00000388       $unwind$SpyFilterUnload    0000000140003388     minispy.obj
 0002:00000394       $unwind$DriverEntry        0000000140003394     minispy.obj
 0002:000003c4       $unwind$DriverEntry$fin$0  00000001400033c4     minispy.obj
 0002:000003d0       $unwind$SpyMessage         00000001400033d0     minispy.obj
 0002:00000408       $unwind$SpyMessage$filt$0  0000000140003408     minispy.obj
 0002:00000408       $unwind$SpyGetLog$filt$0   0000000140003408     minispy.obj
 0002:00000408       $unwind$SpyMessage$filt$1  0000000140003408     minispy.obj
 0002:00000414       $unwind$SpyEnlistInTransaction 0000000140003414     minispy.obj
 0002:00000428       $unwind$SpyReadDriverParameters 0000000140003428     mspyLib.obj
 0002:00000440       $unwind$SpyAllocateBuffer  0000000140003440     mspyLib.obj
 0002:00000450       $unwind$SpyFreeBuffer      0000000140003450     mspyLib.obj
 0002:0000045c       $unwind$SpyExceptionFilter 000000014000345c     mspyLib.obj
 0002:0000045c       $unwind$SpyNewRecord       000000014000345c     mspyLib.obj
 0002:00000468       $unwind$SpyParseEcps       0000000140003468     mspyLib.obj
 0002:00000484       $unwind$SpyBuildEcpDataString 0000000140003484     mspyLib.obj
 0002:000004ac       $unwind$SpySetRecordNameAndEcpData 00000001400034ac     mspyLib.obj
 0002:000004c0       $unwind$SpyLogPreOperationData 00000001400034c0     mspyLib.obj
 0002:000004c0       $unwind$SpyLogTransactionNotify 00000001400034c0     mspyLib.obj
 0002:000004d8       $unwind$SpyLog             00000001400034d8     mspyLib.obj
 0002:000004e4       $unwind$SpyGetLog          00000001400034e4     mspyLib.obj
 0002:00000518       $unwind$SpyEmptyOutputBufferList 0000000140003518     mspyLib.obj
 0002:00000528       $unwind$GsDriverEntry      0000000140003528     BufferOverflowK:gs_support.obj
 0002:00000538       $unwind$__report_gsfailure 0000000140003538     BufferOverflowK:gs_report.obj
 0002:00000540       $unwind$__GSHandlerCheckCommon 0000000140003540     ntoskrnl:gshandler.obj
 0002:00000548       $unwind$__GSHandlerCheck   0000000140003548     ntoskrnl:gshandler.obj
 0002:00000550       $xdatasym                  0000000140003550     ntoskrnl:memcpy.obj
 0002:00000558       $xdatasym                  0000000140003558     ntoskrnl:memset.obj
 0003:00000000       ?Sequence@?1??SpyEnlistInTransaction@@9@9 0000000140004000     minispy.obj
 0004:00000000       $pdata$__GSHandlerCheckCommon 0000000140005000     ntoskrnl:gshandler.obj
 0004:0000000c       $pdata$__GSHandlerCheck    000000014000500c     ntoskrnl:gshandler.obj
 0004:00000030       $pdata$SpyEnlistInTransaction 0000000140005030     minispy.obj
 0004:0000003c       $pdata$SpyExceptionFilter  000000014000503c     minispy.obj
 0004:00000048       $pdata$SpyKtmNotificationCallback 0000000140005048     minispy.obj
 0004:00000054       $pdata$SpyPostOperationCallback 0000000140005054     minispy.obj
 0004:00000060       $pdata$SpyPreOperationCallback 0000000140005060     minispy.obj
 0004:0000006c       $pdata$SpyAllocateBuffer   000000014000506c     mspyLib.obj
 0004:00000078       $pdata$SpyEmptyOutputBufferList 0000000140005078     mspyLib.obj
 0004:00000084       $pdata$SpyFreeBuffer       0000000140005084     mspyLib.obj
 0004:00000090       $pdata$SpyGetLog           0000000140005090     mspyLib.obj
 0004:0000009c       $pdata$SpyLog              000000014000509c     mspyLib.obj
 0004:000000a8       $pdata$SpyLogPreOperationData 00000001400050a8     mspyLib.obj
 0004:000000b4       $pdata$SpyLogTransactionNotify 00000001400050b4     mspyLib.obj
 0004:000000c0       $pdata$SpyNewRecord        00000001400050c0     mspyLib.obj
 0004:000000cc       $pdata$SpySetRecordNameAndEcpData 00000001400050cc     mspyLib.obj
 0004:000000d8       $pdata$__report_gsfailure  00000001400050d8     BufferOverflowK:gs_report.obj
 0004:000000e4       $pdata$SpyGetLog$filt$0    00000001400050e4     mspyLib.obj
 0004:000000f0       $pdata$SpyFilterUnload     00000001400050f0     minispy.obj
 0004:000000fc       $pdata$SpyMessage          00000001400050fc     minispy.obj
 0004:00000108       $pdata$SpyBuildEcpDataString 0000000140005108     mspyLib.obj
 0004:00000114       $pdata$SpyParseEcps        0000000140005114     mspyLib.obj
 0004:00000120       $pdata$SpyMessage$filt$1   0000000140005120     minispy.obj
 0004:0000012c       $pdata$SpyMessage$filt$0   000000014000512c     minispy.obj
 0004:00000138       $pdata$DriverEntry         0000000140005138     minispy.obj
 0004:00000144       $pdata$SpyReadDriverParameters 0000000140005144     mspyLib.obj
 0004:00000150       $pdata$GsDriverEntry       0000000140005150     BufferOverflowK:gs_support.obj
 0004:0000015c       $pdata$DriverEntry$fin$0   000000014000515c     minispy.obj
 0005:00000868       SpyMessage$filt$1          0000000140006868 f   minispy.obj
 0005:00000880       SpyMessage$filt$0          0000000140006880 f   minispy.obj
 0006:00000a40       DriverEntry$fin$0          0000000140007a40 f   minispy.obj
 0006:00000e3c       .idata$6                   0000000140007e3c     ntoskrnl:ntoskrnl.exe
 0006:00001038       .idata$6                   0000000140008038     fltMgr:FLTMGR.SYS
 0007:000000b0       $R000000                   00000001400090b0     minispy.res
 0007:000000e8       $R000038                   00000001400090e8     minispy.res
